// Jest Snapshot v1, https://goo.gl/fbAQLP

exports[`SuggestionsList should initially render component correctly 1`] = `
<div
  style="overflow:visible;height:0;width:0"
>
  <div
    aria-label="grid"
    aria-readonly="true"
    class="ReactVirtualized__Grid ReactVirtualized__List"
    role="grid"
    style="box-sizing:border-box;direction:ltr;height:800px;position:relative;width:800px;-webkit-overflow-scrolling:touch;will-change:transform;overflow-x:hidden;overflow-y:hidden"
    tabindex="0"
  >
    <div
      class="ReactVirtualized__Grid__innerScrollContainer"
      role="rowgroup"
      style="width:auto;height:270px;max-width:800px;max-height:270px;overflow:hidden;pointer-events:;position:relative"
    >
      <li
        class="ListItem ListItem--highlightContext_brand"
        style="height:auto;left:0;position:absolute;top:0;width:100%"
      >
        <div
          class="ListItem__container"
          role="presentation"
        >
          <span>
            Sun
          </span>
        </div>
      </li>
      <li
        class="ListItem ListItem--isHighlighted ListItem--highlightContext_brand"
        style="height:auto;left:0;position:absolute;top:0;width:100%"
      >
        <div
          class="ListItem__container"
          role="presentation"
        >
          <span>
            Moon
          </span>
        </div>
      </li>
      <li
        class="ListItem ListItem--highlightContext_brand"
        style="height:auto;left:0;position:absolute;top:0;width:100%"
      >
        <div
          class="ListItem__container"
          role="presentation"
        >
          <span>
            Mercury
          </span>
        </div>
      </li>
      <li
        class="ListItem ListItem--highlightContext_brand"
        style="height:auto;left:0;position:absolute;top:0;width:100%"
      >
        <div
          class="ListItem__container"
          role="presentation"
        >
          <span>
            Venus
          </span>
        </div>
      </li>
      <li
        class="ListItem ListItem--highlightContext_brand"
        style="height:auto;left:0;position:absolute;top:0;width:100%"
      >
        <div
          class="ListItem__container"
          role="presentation"
        >
          <span>
            Earth
          </span>
        </div>
      </li>
      <li
        class="ListItem ListItem--highlightContext_brand"
        style="height:auto;left:0;position:absolute;top:0;width:100%"
      >
        <div
          class="ListItem__container"
          role="presentation"
        >
          <span>
            Mars
          </span>
        </div>
      </li>
      <li
        class="ListItem ListItem--highlightContext_brand"
        style="height:auto;left:0;position:absolute;top:0;width:100%"
      >
        <div
          class="ListItem__container"
          role="presentation"
        >
          <span>
            Jupiter
          </span>
        </div>
      </li>
      <li
        class="ListItem ListItem--highlightContext_brand"
        style="height:auto;left:0;position:absolute;top:0;width:100%"
      >
        <div
          class="ListItem__container"
          role="presentation"
        >
          <span>
            Saturn
          </span>
        </div>
      </li>
      <li
        class="ListItem ListItem--highlightContext_brand"
        style="height:auto;left:0;position:absolute;top:0;width:100%"
      >
        <div
          class="ListItem__container"
          role="presentation"
        >
          <span>
            Neptun
          </span>
        </div>
      </li>
    </div>
  </div>
</div>
`;

exports[`SuggestionsList should render empty component correctly 1`] = `
<li
  class="ListItem"
>
  <div
    class="ListItem__container"
    role="presentation"
  >
    <p
      class="Text--context_muted"
    >
      noSuggestionsPlaceholder
    </p>
  </div>
</li>
`;
