// Jest Snapshot v1, https://goo.gl/fbAQLP

exports[`SelectBase rendering should initially render empty component correctly 1`] = `
<div
  class="SelectBase"
>
  <div
    aria-expanded="false"
    aria-haspopup="listbox"
    aria-labelledby="downshift-0-label"
    class="SelectBase__main"
    role="combobox"
  >
    <div
      class="FieldWrapper SelectBase__field"
    >
      <div
        class="FieldWrapper__content"
      >
        <input
          aria-autocomplete="list"
          aria-labelledby="downshift-0-label"
          autocomplete="off"
          id="downshift-0-input"
          value=""
        />
        <ul
          aria-labelledby="downshift-0-label"
          class="List"
          id="downshift-0-menu"
          role="listbox"
        />
      </div>
    </div>
  </div>
</div>
`;
