// Jest Snapshot v1, https://goo.gl/fbAQLP

exports[`<Checkbox> that renders a checkbox should render default checkbox correctly 1`] = `
<Checkbox
  disabled={false}
  id="c1"
>
  <div
    className="Checkbox"
  >
    <input
      className="Checkbox__input"
      disabled={false}
      id="c1"
      type="checkbox"
    />
    <label
      className="Checkbox__label"
      disabled={false}
      htmlFor="c1"
    >
      <span
        className="Checkbox__box"
      >
        <svg
          className="Checkbox__svg"
          height="10px"
          viewBox={
            Array [
              0,
              0,
              10,
              10,
            ]
          }
          width="12px"
        >
          <polyline
            points="1.5 6 3.5 9 8 3"
          />
        </svg>
      </span>
      <Text
        className="Checkbox__text"
        inline={true}
        muted={false}
      >
        <span
          className="Text Checkbox__text"
          muted={false}
        >
          Check this out
        </span>
      </Text>
    </label>
  </div>
</Checkbox>
`;
