// Jest Snapshot v1, https://goo.gl/fbAQLP

exports[`<Tab> that renders tab content should render a tab 1`] = `
<Tab
  id="myTab"
  label="My tab"
>
  Some content
</Tab>
`;
